------------------------------------------------------------
TimeQuest Timing Analyzer Summary
------------------------------------------------------------

Type  : Setup 'KB_CLK'
Slack : -9.000
TNS   : -351.000

Type  : Setup 'CLK'
Slack : -9.000
TNS   : -9.000

Type  : Setup 'div_clock:inst5|inst9'
Slack : -9.000
TNS   : -9.000

Type  : Setup 'KB_LATCH'
Slack : -4.000
TNS   : -160.000

Type  : Setup 'div_clock:inst5|inst8'
Slack : -1.500
TNS   : -1.500

Type  : Setup 'CLK_BAUD'
Slack : -1.000
TNS   : -1.000

Type  : Hold 'CLK_BAUD'
Slack : -3.500
TNS   : -3.500

Type  : Hold 'div_clock:inst5|inst8'
Slack : -3.000
TNS   : -3.000

Type  : Hold 'KB_LATCH'
Slack : 0.000
TNS   : 0.000

Type  : Hold 'CLK'
Slack : 5.000
TNS   : 0.000

Type  : Hold 'KB_CLK'
Slack : 5.000
TNS   : 0.000

Type  : Hold 'div_clock:inst5|inst9'
Slack : 5.000
TNS   : 0.000

Type  : Recovery 'KB_CLK'
Slack : -9.500
TNS   : -380.000

Type  : Recovery 'A0'
Slack : -4.500
TNS   : -27.000

Type  : Recovery 'A1'
Slack : -4.500
TNS   : -27.000

Type  : Recovery 'A10'
Slack : -4.500
TNS   : -27.000

Type  : Recovery 'A11'
Slack : -4.500
TNS   : -27.000

Type  : Recovery 'A12'
Slack : -4.500
TNS   : -27.000

Type  : Recovery 'A13'
Slack : -4.500
TNS   : -27.000

Type  : Recovery 'A14'
Slack : -4.500
TNS   : -27.000

Type  : Recovery 'A15'
Slack : -4.500
TNS   : -27.000

Type  : Recovery 'A2'
Slack : -4.500
TNS   : -27.000

Type  : Recovery 'A3'
Slack : -4.500
TNS   : -27.000

Type  : Recovery 'A4'
Slack : -4.500
TNS   : -27.000

Type  : Recovery 'A5'
Slack : -4.500
TNS   : -27.000

Type  : Recovery 'A6'
Slack : -4.500
TNS   : -27.000

Type  : Recovery 'A7'
Slack : -4.500
TNS   : -27.000

Type  : Recovery 'A8'
Slack : -4.500
TNS   : -27.000

Type  : Recovery 'A9'
Slack : -4.500
TNS   : -27.000

Type  : Recovery 'CLK'
Slack : -4.500
TNS   : -27.000

Type  : Recovery 'nMREQ'
Slack : -4.500
TNS   : -27.000

Type  : Recovery 'nRESET'
Slack : -4.500
TNS   : -27.000

Type  : Recovery 'nWR'
Slack : -4.500
TNS   : -27.000

Type  : Removal 'A0'
Slack : 0.000
TNS   : 0.000

Type  : Removal 'A1'
Slack : 0.000
TNS   : 0.000

Type  : Removal 'A10'
Slack : 0.000
TNS   : 0.000

Type  : Removal 'A11'
Slack : 0.000
TNS   : 0.000

Type  : Removal 'A12'
Slack : 0.000
TNS   : 0.000

Type  : Removal 'A13'
Slack : 0.000
TNS   : 0.000

Type  : Removal 'A14'
Slack : 0.000
TNS   : 0.000

Type  : Removal 'A15'
Slack : 0.000
TNS   : 0.000

Type  : Removal 'A2'
Slack : 0.000
TNS   : 0.000

Type  : Removal 'A3'
Slack : 0.000
TNS   : 0.000

Type  : Removal 'A4'
Slack : 0.000
TNS   : 0.000

Type  : Removal 'A5'
Slack : 0.000
TNS   : 0.000

Type  : Removal 'A6'
Slack : 0.000
TNS   : 0.000

Type  : Removal 'A7'
Slack : 0.000
TNS   : 0.000

Type  : Removal 'A8'
Slack : 0.000
TNS   : 0.000

Type  : Removal 'A9'
Slack : 0.000
TNS   : 0.000

Type  : Removal 'CLK'
Slack : 0.000
TNS   : 0.000

Type  : Removal 'nMREQ'
Slack : 0.000
TNS   : 0.000

Type  : Removal 'nRESET'
Slack : 0.000
TNS   : 0.000

Type  : Removal 'nWR'
Slack : 0.000
TNS   : 0.000

Type  : Removal 'KB_CLK'
Slack : 5.000
TNS   : 0.000

Type  : Minimum Pulse Width 'KB_CLK'
Slack : -3.500
TNS   : -280.000

Type  : Minimum Pulse Width 'KB_LATCH'
Slack : -3.500
TNS   : -280.000

Type  : Minimum Pulse Width 'CLK'
Slack : -3.500
TNS   : -49.000

Type  : Minimum Pulse Width 'A0'
Slack : -3.500
TNS   : -42.000

Type  : Minimum Pulse Width 'A1'
Slack : -3.500
TNS   : -42.000

Type  : Minimum Pulse Width 'A10'
Slack : -3.500
TNS   : -42.000

Type  : Minimum Pulse Width 'A11'
Slack : -3.500
TNS   : -42.000

Type  : Minimum Pulse Width 'A12'
Slack : -3.500
TNS   : -42.000

Type  : Minimum Pulse Width 'A13'
Slack : -3.500
TNS   : -42.000

Type  : Minimum Pulse Width 'A14'
Slack : -3.500
TNS   : -42.000

Type  : Minimum Pulse Width 'A15'
Slack : -3.500
TNS   : -42.000

Type  : Minimum Pulse Width 'A2'
Slack : -3.500
TNS   : -42.000

Type  : Minimum Pulse Width 'A3'
Slack : -3.500
TNS   : -42.000

Type  : Minimum Pulse Width 'A4'
Slack : -3.500
TNS   : -42.000

Type  : Minimum Pulse Width 'A5'
Slack : -3.500
TNS   : -42.000

Type  : Minimum Pulse Width 'A6'
Slack : -3.500
TNS   : -42.000

Type  : Minimum Pulse Width 'A7'
Slack : -3.500
TNS   : -42.000

Type  : Minimum Pulse Width 'A8'
Slack : -3.500
TNS   : -42.000

Type  : Minimum Pulse Width 'A9'
Slack : -3.500
TNS   : -42.000

Type  : Minimum Pulse Width 'nMREQ'
Slack : -3.500
TNS   : -42.000

Type  : Minimum Pulse Width 'nRESET'
Slack : -3.500
TNS   : -42.000

Type  : Minimum Pulse Width 'nWR'
Slack : -3.500
TNS   : -42.000

Type  : Minimum Pulse Width 'CLK_BAUD'
Slack : -3.500
TNS   : -7.000

Type  : Minimum Pulse Width 'div_clock:inst5|inst8'
Slack : -3.500
TNS   : -7.000

Type  : Minimum Pulse Width 'div_clock:inst5|inst9'
Slack : -3.500
TNS   : -7.000

------------------------------------------------------------
