eeschema (2013-07-07 BZR 4022)-stable  >> Creation date: 26/06/2022 09:35:43
#Cmp ( ordre = Référence )
| C1         10µF       
| C2         10nF        
| C3         1nF         
| C4         100µF      
| C5         10µF       
| C6         100µF      
| C7         100nF       
| C8         22pF        
| C9         22pF        
| C10        1µF        
| C11        1µF        
| C12        1µF        
| C13        1µF        
| C14        10nF        
| C15        2.2µF      
| C16        10µF       
| C19        47nF        
| C20        220µF      
| D3         BAT85       
| D5         1N4148      
| D6         1N4148      
| J1         USB         
| K1         VIDEO_ZX    
| OSC1       4.9152MHz   
| P1         CONN_5      
| P2         JB1-23      
| P3         JA1-23      
| P4         DIN_6       
| P5         MINITEL     
| P6         EXPANSION   
| P7         Clavier Minitel
| P8         +12V        
| P9         JOYSTICK_ZX 
| P10        +5V         
| Q6         P2N2907     
| R1         4.7k        
| R2         2.2k        
| R3         56k         
| R4         10k         
| R5         10k         
| R6         120         
| R7         120         
| R8         120         
| R9         120         
| R10        10k         
| R15        1k          
| R16        10          
| RV1        500         
| U1         EPM7128     
| U2         7812        
| U3         74LS221     
| U4         74LS38      
| U5         7805        
| U6         6850        
| U7         6850        
| U8         CH340G      
| U9         MAX232      
| U10        YMZ284      
| U11        LM386       
| U12        16F876A     
| U13        74LS156     
| U14        4051        
| X1         12MHz       
#End Cmp

#Cmp ( ordre = Valeur )
| 22pF         C8        
| 22pF         C9        
| 1nF          C3        
| 10nF         C2        
| 10nF         C14       
| 47nF         C19       
| 100nF        C7        
| 2.2µF       C15       
| 10µF        C1        
| 100µF       C4        
| 10µF        C5        
| 100µF       C6        
| 1µF         C10       
| 1µF         C11       
| 1µF         C12       
| 1µF         C13       
| 10µF        C16       
| 220µF       C20       
| BAT85        D3        
| 1N4148       D5        
| 1N4148       D6        
| USB          J1        
| VIDEO_ZX     K1        
| 4.9152MHz    OSC1      
| CONN_5       P1        
| JB1-23       P2        
| JA1-23       P3        
| DIN_6        P4        
| MINITEL      P5        
| EXPANSION    P6        
| Clavier Minitel P7        
| +12V         P8        
| JOYSTICK_ZX  P9        
| +5V          P10       
| P2N2907      Q6        
| 10           R16       
| 120          R6        
| 120          R7        
| 120          R8        
| 120          R9        
| 1k           R15       
| 2.2k         R2        
| 4.7k         R1        
| 10k          R4        
| 10k          R5        
| 10k          R10       
| 56k          R3        
| 500          RV1       
| 4051         U14       
| 6850         U6        
| 6850         U7        
| 7805         U5        
| 7812         U2        
| EPM7128      U1        
| 74LS221      U3        
| 74LS38       U4        
| CH340G       U8        
| MAX232       U9        
| YMZ284       U10       
| LM386        U11       
| 16F876A      U12       
| 74LS156      U13       
| 12MHz        X1        
#End Cmp

#End List
